// Jest Snapshot v1, https://goo.gl/fbAQLP

exports[`AppView.prototype.render Should be render correctly 1`] = `"<div class=\\"application\\"><div class=\\"search-field-wrapper\\"><input class=\\"search-field\\"><button class=\\"search-button\\"></button></div><div class=\\"main-container\\"><div class=\\"wrapper\\"><div class=\\"gallery\\"><div class=\\"youtube-item\\"><div class=\\"video-title\\"><a href=\\"https://www.youtube.com/watch?v=0I647GU3Jsc\\" target=\\"_blank\\"></a></div><img src=\\"https://url.jpg\\"><p></p><p></p><p></p><p class=\\"count-views\\"></p></div><div class=\\"youtube-item\\"><div class=\\"video-title\\"><a href=\\"https://www.youtube.com/watch?v=0I647GU3Jsc\\" target=\\"_blank\\"></a></div><img src=\\"https://url.jpg\\"><p></p><p></p><p></p><p class=\\"count-views\\"></p></div></div></div></div></div>"`;
